// Vitest Snapshot v1, https://vitest.dev/guide/snapshot.html

exports[`a clipped paths > and another one > containing one more clipped path > and another one > and then the other is recreated, starting from the first > then the recreation should contain the difference 1`] = `
[
  "context.beginPath()",
  "context.moveTo(0,0)",
  "context.lineTo(1,0)",
  "context.lineTo(1,1)",
  "context.clip()",
  "context.lineTo(0,1)",
  "context.clip()",
  "context.beginPath()",
  "context.fillStyle = \\"#f00\\"",
  "context.moveTo(1,1)",
  "context.clip()",
]
`;

exports[`a clipped paths > and another one > containing one more clipped path > and another one, still based on the same path > and then the other is recreated, starting from the first > then the recreation should contain the difference 1`] = `
[
  "context.beginPath()",
  "context.moveTo(0,0)",
  "context.lineTo(1,0)",
  "context.lineTo(1,1)",
  "context.clip()",
  "context.lineTo(0,1)",
  "context.clip()",
  "context.lineTo(0,0)",
  "context.clip()",
]
`;

exports[`a clipped paths > and another one > containing one more clipped path > and then the other is recreated, starting from the first > then the recreation should contain the difference 1`] = `
[
  "context.beginPath()",
  "context.moveTo(0,0)",
  "context.lineTo(1,0)",
  "context.lineTo(1,1)",
  "context.clip()",
  "context.lineTo(0,1)",
  "context.clip()",
]
`;
